C51 COMPILER V8.02   DHT11                                                                 07/15/2020 14:55:53 PAGE 1   


C51 COMPILER V8.02, COMPILATION OF MODULE DHT11
OBJECT MODULE PLACED IN ..\hex\DHT11.obj
COMPILER INVOKED BY: C:\Keil\C51\BIN\C51.EXE ..\code\DHT11.c PRINT(.\DHT11.lst) TABS(2) OBJECT(..\hex\DHT11.obj)

line level    source

   1          #include "DHT11.h"
   2          #include <intrins.h>
   3          #include "STC15W4K58S4.h"
   4          
   5          typedef unsigned char U8; 
   6          
   7          #define FOSC    11059200L   //晶振频率，每秒振荡次数
   8          
   9          #define FOSC_12 FOSC / 12   //定时器0 晶振12分频
  10          
  11          sbit DQ=P4^5;
  12          
  13          void DHT11_Rst(void);
  14          unsigned char DHT11_Check(void);
  15          unsigned char DHT11_Read_Bit(void);
  16          unsigned char DHT11_Read_Byte(void);
  17          unsigned char DHT11_Read_Data(unsigned char *temp,unsigned char *humi);
  18           unsigned char xdata DATA_Temphui[3]={0x00,0x00,0x00};
  19          
  20          void DELAY_CMS(unsigned char ms){
  21   1          unsigned int i;
  22   1          do{
  23   2              i = 11059200UL / 13000;
  24   2            while(--i)  ;
  25   2           }while(--ms);
  26   1      }
  27          
  28          
  29          void Delay1us()   //@11.0592MHz
  30          {
  31   1        _nop_();
  32   1        _nop_();
  33   1        _nop_();
  34   1      }
  35          void Delay30us()    //@11.0592MHz
  36          {
  37   1        unsigned char i;
  38   1        _nop_();
  39   1        _nop_();
  40   1        i = 80;
  41   1        while (--i);
  42   1      }
  43          
  44          void Delay50us()    //@11.0592MHz
  45          {
  46   1        unsigned char i, j;
  47   1      
  48   1        _nop_();
  49   1        i = 1;
  50   1        j = 134;
  51   1        do
  52   1        {
  53   2          while (--j);
  54   2        } while (--i);
  55   1      }
C51 COMPILER V8.02   DHT11                                                                 07/15/2020 14:55:53 PAGE 2   

  56          
  57          /*
  58          unsigned char DHT11()
  59          {
  60            unsigned char humi=0x00,temp=0x00;
  61          
  62            if(DHT11_Read_Data(&temp,&humi)==0)
  63            {
  64              return 0;
  65            }
  66            else
  67              return 1;
  68          }
  69          */
  70          
  71          
  72          //复位DHT11
  73          void DHT11_Rst(void)     
  74          {                 
  75   1        DQ=0;             //拉低DQ
  76   1          DELAY_CMS(20);      //拉低至少18ms
  77   1          DQ=1;               //DQ=1 
  78   1        Delay30us();      //主机拉高20~40us
  79   1      }
  80          
  81          //等待DHT11的回应
  82          //返回1:未检测到DHT11的存在
  83          //返回0:存在
  84          unsigned char DHT11_Check(void)      
  85          {   
  86   1        unsigned char retry=0; 
  87   1          while(DQ&&retry<100)//DHT11会拉低40~80us
  88   1        {
  89   2          retry++;
  90   2          Delay1us();
  91   2        };   
  92   1        if(retry>=100)return 1;
  93   1        else retry=0;
  94   1          while (!DQ&&retry<100)//DHT11拉低后会再次拉高40~50us
  95   1        {
  96   2          retry++;
  97   2          Delay1us();
  98   2        };
  99   1        if(retry>=100)return 1;     
 100   1        return 0;
 101   1      }
 102          
 103          //从DHT11读取一个位
 104          //返回值：1/0
 105          unsigned char DHT11_Read_Bit(void)       
 106          {
 107   1        unsigned char retry=0;
 108   1        while(DQ&&retry<100)//等待变为低电平
 109   1        {
 110   2          retry++;
 111   2          Delay1us();
 112   2        }
 113   1        retry=0;
 114   1        while(!DQ&&retry<100)//等待变高电平
 115   1        {
 116   2          retry++;
 117   2          Delay1us();
C51 COMPILER V8.02   DHT11                                                                 07/15/2020 14:55:53 PAGE 3   

 118   2        }
 119   1        Delay50us();//等待50us
 120   1        if(DQ)return 1;
 121   1        else return 0;       
 122   1      }
 123          
 124          //从DHT11读取一个字节
 125          //返回值：读到的数据
 126          unsigned char DHT11_Read_Byte(void)    
 127          {        
 128   1          unsigned char i,dat;
 129   1          dat=0;
 130   1        for(i=0;i<8;i++) 
 131   1        {
 132   2            dat<<=1; 
 133   2            dat|=DHT11_Read_Bit();
 134   2          }               
 135   1          return dat;
 136   1      }
 137          
 138          //从DHT11读取一次数据
 139          //temp:温度值(范围:0~50°)
 140          //humi:湿度值(范围:20%~90%)
 141          //返回值：0,正常;1,读取失败
 142          unsigned char DHT11_Read_Data(unsigned char *temp,unsigned char *humi)    
 143          {        
 144   1        unsigned char buf[5];
 145   1        unsigned char i;
 146   1        DHT11_Rst();
 147   1        if(DHT11_Check()==0)
 148   1        {
 149   2          for(i=0;i<5;i++)//读取40位数据
 150   2          {
 151   3            buf[i]=DHT11_Read_Byte();
 152   3          }
 153   2          if((buf[0]+buf[1]+buf[2]+buf[3])==buf[4])
 154   2          {
 155   3            *humi=buf[0]; 
 156   3            *temp=buf[2];
 157   3          }
 158   2        }
 159   1        else return 1;
 160   1        return 0;     
 161   1      }
 162          
 163          


MODULE INFORMATION:   STATIC OVERLAYABLE
   CODE SIZE        =    261    ----
   CONSTANT SIZE    =   ----    ----
   XDATA SIZE       =      3    ----
   PDATA SIZE       =   ----    ----
   DATA SIZE        =   ----      11
   IDATA SIZE       =   ----    ----
   BIT SIZE         =   ----    ----
END OF MODULE INFORMATION.


C51 COMPILATION COMPLETE.  0 WARNING(S),  0 ERROR(S)
